Category: 央视频道, Name: CCTV-1, Total: 1, Valid: 1, Valid Percent: 100.00%, Whitelist: 0, IPv4: 1, IPv6: 0, Min Delay: 53 ms, Max Speed: 93.10 M/s, Avg Speed: 93.10 M/s, Max Resolution: 1920x1080
Category: 央视频道, Name: CCTV-2, Total: 1, Valid: 1, Valid Percent: 100.00%, Whitelist: 0, IPv4: 1, IPv6: 0, Min Delay: 43 ms, Max Speed: 101.45 M/s, Avg Speed: 101.45 M/s, Max Resolution: 1920x1080
Category: 央视频道, Name: CCTV-3, Total: 1, Valid: 1, Valid Percent: 100.00%, Whitelist: 0, IPv4: 1, IPv6: 0, Min Delay: 46 ms, Max Speed: 93.89 M/s, Avg Speed: 93.89 M/s, Max Resolution: 1920x1080
Category: 央视频道, Name: CCTV-4, Total: 1, Valid: 1, Valid Percent: 100.00%, Whitelist: 0, IPv4: 1, IPv6: 0, Min Delay: 51 ms, Max Speed: 92.42 M/s, Avg Speed: 92.42 M/s, Max Resolution: 1920x1080
Category: 央视频道, Name: CCTV-5, Total: 1, Valid: 1, Valid Percent: 100.00%, Whitelist: 0, IPv4: 1, IPv6: 0, Min Delay: 39 ms, Max Speed: 98.94 M/s, Avg Speed: 98.94 M/s, Max Resolution: 1920x1080
Category: 央视频道, Name: CCTV-5+, Total: 1, Valid: 1, Valid Percent: 100.00%, Whitelist: 0, IPv4: 1, IPv6: 0, Min Delay: 46 ms, Max Speed: 114.57 M/s, Avg Speed: 114.57 M/s, Max Resolution: 1920x1080
Category: 央视频道, Name: CCTV-6, Total: 1, Valid: 1, Valid Percent: 100.00%, Whitelist: 0, IPv4: 1, IPv6: 0, Min Delay: 84 ms, Max Speed: 53.80 M/s, Avg Speed: 53.80 M/s, Max Resolution: 1920x1080
Category: 央视频道, Name: CCTV-7, Total: 1, Valid: 1, Valid Percent: 100.00%, Whitelist: 0, IPv4: 1, IPv6: 0, Min Delay: 64 ms, Max Speed: 81.56 M/s, Avg Speed: 81.56 M/s, Max Resolution: 1920x1080
Category: 央视频道, Name: CCTV-8, Total: 1, Valid: 1, Valid Percent: 100.00%, Whitelist: 0, IPv4: 1, IPv6: 0, Min Delay: 49 ms, Max Speed: 99.04 M/s, Avg Speed: 99.04 M/s, Max Resolution: 1920x1080
Category: 央视频道, Name: CCTV-9, Total: 1, Valid: 1, Valid Percent: 100.00%, Whitelist: 0, IPv4: 1, IPv6: 0, Min Delay: 41 ms, Max Speed: 127.92 M/s, Avg Speed: 127.92 M/s, Max Resolution: 1920x1080
Category: 央视频道, Name: CCTV-10, Total: 1, Valid: 1, Valid Percent: 100.00%, Whitelist: 0, IPv4: 1, IPv6: 0, Min Delay: 48 ms, Max Speed: 103.52 M/s, Avg Speed: 103.52 M/s, Max Resolution: 1920x1080
Category: 央视频道, Name: CCTV-11, Total: 1, Valid: 1, Valid Percent: 100.00%, Whitelist: 0, IPv4: 1, IPv6: 0, Min Delay: 52 ms, Max Speed: 92.30 M/s, Avg Speed: 92.30 M/s, Max Resolution: 1920x1080
Category: 央视频道, Name: CCTV-12, Total: 1, Valid: 1, Valid Percent: 100.00%, Whitelist: 0, IPv4: 1, IPv6: 0, Min Delay: 58 ms, Max Speed: 88.65 M/s, Avg Speed: 88.65 M/s, Max Resolution: 1920x1080
Category: 央视频道, Name: CCTV-13, Total: 1, Valid: 1, Valid Percent: 100.00%, Whitelist: 0, IPv4: 1, IPv6: 0, Min Delay: 53 ms, Max Speed: 102.93 M/s, Avg Speed: 102.93 M/s, Max Resolution: 1920x1080
Category: 央视频道, Name: CCTV-14, Total: 1, Valid: 1, Valid Percent: 100.00%, Whitelist: 0, IPv4: 1, IPv6: 0, Min Delay: 45 ms, Max Speed: 116.22 M/s, Avg Speed: 116.22 M/s, Max Resolution: 1920x1080
Category: 央视频道, Name: CCTV-15, Total: 1, Valid: 1, Valid Percent: 100.00%, Whitelist: 0, IPv4: 1, IPv6: 0, Min Delay: 43 ms, Max Speed: 125.11 M/s, Avg Speed: 125.11 M/s, Max Resolution: 1920x1080
Category: 央视频道, Name: CCTV-16, Total: 2, Valid: 1, Valid Percent: 50.00%, Whitelist: 0, IPv4: 2, IPv6: 0, Min Delay: 59 ms, Max Speed: 85.19 M/s, Avg Speed: 85.19 M/s, Max Resolution: 1920x1080
Category: 央视频道, Name: CCTV-17, Total: 1, Valid: 1, Valid Percent: 100.00%, Whitelist: 0, IPv4: 1, IPv6: 0, Min Delay: 47 ms, Max Speed: 112.22 M/s, Avg Speed: 112.22 M/s, Max Resolution: 1920x1080
Category: 央视频道, Name: CETV-1, Total: 4, Valid: 4, Valid Percent: 100.00%, Whitelist: 0, IPv4: 4, IPv6: 0, Min Delay: 60 ms, Max Speed: 65.64 M/s, Avg Speed: 22.23 M/s, Max Resolution: 1920x1080
Category: 央视频道, Name: CETV-2, Total: 1, Valid: 1, Valid Percent: 100.00%, Whitelist: 0, IPv4: 1, IPv6: 0, Min Delay: 45 ms, Max Speed: 111.70 M/s, Avg Speed: 111.70 M/s, Max Resolution: 1920x1080
Category: 央视频道, Name: CETV-4, Total: 1, Valid: 1, Valid Percent: 100.00%, Whitelist: 0, IPv4: 1, IPv6: 0, Min Delay: 73 ms, Max Speed: 74.96 M/s, Avg Speed: 74.96 M/s, Max Resolution: 1920x1080
Category: 央视频道, Name: CCTV阿拉伯语, Total: 1, Valid: 1, Valid Percent: 100.00%, Whitelist: 0, IPv4: 1, IPv6: 0, Min Delay: 68 ms, Max Speed: 25.81 M/s, Avg Speed: 25.81 M/s, Max Resolution: 1920x1080
Category: 央视频道, Name: CCTV西班牙语, Total: 1, Valid: 1, Valid Percent: 100.00%, Whitelist: 0, IPv4: 1, IPv6: 0, Min Delay: 69 ms, Max Speed: 25.03 M/s, Avg Speed: 25.03 M/s, Max Resolution: 1920x1080
Category: 央视频道, Name: CCTV法语, Total: 1, Valid: 1, Valid Percent: 100.00%, Whitelist: 0, IPv4: 1, IPv6: 0, Min Delay: 59 ms, Max Speed: 28.41 M/s, Avg Speed: 28.41 M/s, Max Resolution: 1920x1080
Category: 央视频道, Name: CCTV俄语, Total: 1, Valid: 1, Valid Percent: 100.00%, Whitelist: 0, IPv4: 1, IPv6: 0, Min Delay: 57 ms, Max Speed: 28.76 M/s, Avg Speed: 28.76 M/s, Max Resolution: 1920x1080
Category: 央视频道, Name: 老故事, Total: 1, Valid: 1, Valid Percent: 100.00%, Whitelist: 0, IPv4: 1, IPv6: 0, Min Delay: 64 ms, Max Speed: 27.28 M/s, Avg Speed: 27.28 M/s, Max Resolution: 1920x1080
Category: 央视频道, Name: 发现之旅, Total: 1, Valid: 1, Valid Percent: 100.00%, Whitelist: 0, IPv4: 1, IPv6: 0, Min Delay: 59 ms, Max Speed: 28.94 M/s, Avg Speed: 28.94 M/s, Max Resolution: 1920x1080
Category: 央视频道, Name: 中学生, Total: 1, Valid: 1, Valid Percent: 100.00%, Whitelist: 0, IPv4: 1, IPv6: 0, Min Delay: 60 ms, Max Speed: 29.73 M/s, Avg Speed: 29.73 M/s, Max Resolution: 1920x1080
Category: 央视频道, Name: 法治天地, Total: 1, Valid: 1, Valid Percent: 100.00%, Whitelist: 0, IPv4: 1, IPv6: 0, Min Delay: 468 ms, Max Speed: 9.57 M/s, Avg Speed: 9.57 M/s, Max Resolution: 1920x1080
Category: 全国卫视, Name: 湖北卫视, Total: 2, Valid: 2, Valid Percent: 100.00%, Whitelist: 0, IPv4: 2, IPv6: 0, Min Delay: 62 ms, Max Speed: 88.70 M/s, Avg Speed: 48.94 M/s, Max Resolution: 1920x1080
Category: 全国卫视, Name: 湖南卫视, Total: 2, Valid: 2, Valid Percent: 100.00%, Whitelist: 0, IPv4: 2, IPv6: 0, Min Delay: 5 ms, Max Speed: 72.90 M/s, Avg Speed: 45.78 M/s, Max Resolution: 1920x1080
Category: 全国卫视, Name: 北京卫视, Total: 2, Valid: 2, Valid Percent: 100.00%, Whitelist: 0, IPv4: 2, IPv6: 0, Min Delay: 7 ms, Max Speed: 106.85 M/s, Avg Speed: 61.66 M/s, Max Resolution: 1920x1080
Category: 全国卫视, Name: 浙江卫视, Total: 1, Valid: 1, Valid Percent: 100.00%, Whitelist: 0, IPv4: 1, IPv6: 0, Min Delay: 51 ms, Max Speed: 98.46 M/s, Avg Speed: 98.46 M/s, Max Resolution: 1920x1080
Category: 全国卫视, Name: 山东卫视, Total: 1, Valid: 1, Valid Percent: 100.00%, Whitelist: 0, IPv4: 1, IPv6: 0, Min Delay: 48 ms, Max Speed: 102.49 M/s, Avg Speed: 102.49 M/s, Max Resolution: 1920x1080
Category: 全国卫视, Name: 天津卫视, Total: 1, Valid: 1, Valid Percent: 100.00%, Whitelist: 0, IPv4: 1, IPv6: 0, Min Delay: 70 ms, Max Speed: 74.76 M/s, Avg Speed: 74.76 M/s, Max Resolution: 1920x1080
Category: 全国卫视, Name: 深圳卫视, Total: 1, Valid: 1, Valid Percent: 100.00%, Whitelist: 0, IPv4: 1, IPv6: 0, Min Delay: 42 ms, Max Speed: 114.93 M/s, Avg Speed: 114.93 M/s, Max Resolution: 1920x1080
Category: 全国卫视, Name: 重庆卫视, Total: 2, Valid: 2, Valid Percent: 100.00%, Whitelist: 0, IPv4: 2, IPv6: 0, Min Delay: 61 ms, Max Speed: 84.25 M/s, Avg Speed: 42.57 M/s, Max Resolution: 1920x1080
Category: 全国卫视, Name: 东方卫视, Total: 3, Valid: 3, Valid Percent: 100.00%, Whitelist: 0, IPv4: 3, IPv6: 0, Min Delay: 50 ms, Max Speed: 100.06 M/s, Avg Speed: 36.80 M/s, Max Resolution: 1920x1080
Category: 全国卫视, Name: 安徽卫视, Total: 1, Valid: 1, Valid Percent: 100.00%, Whitelist: 0, IPv4: 1, IPv6: 0, Min Delay: 67 ms, Max Speed: 62.32 M/s, Avg Speed: 62.32 M/s, Max Resolution: 1920x1080
Category: 全国卫视, Name: 东南卫视, Total: 1, Valid: 1, Valid Percent: 100.00%, Whitelist: 0, IPv4: 1, IPv6: 0, Min Delay: 47 ms, Max Speed: 107.21 M/s, Avg Speed: 107.21 M/s, Max Resolution: 1920x1080
Category: 全国卫视, Name: 广东卫视, Total: 2, Valid: 2, Valid Percent: 100.00%, Whitelist: 0, IPv4: 2, IPv6: 0, Min Delay: 47 ms, Max Speed: 110.88 M/s, Avg Speed: 59.40 M/s, Max Resolution: 1920x1080
Category: 全国卫视, Name: 贵州卫视, Total: 1, Valid: 1, Valid Percent: 100.00%, Whitelist: 0, IPv4: 1, IPv6: 0, Min Delay: 48 ms, Max Speed: 103.09 M/s, Avg Speed: 103.09 M/s, Max Resolution: 1920x1080
Category: 全国卫视, Name: 河北卫视, Total: 1, Valid: 1, Valid Percent: 100.00%, Whitelist: 0, IPv4: 1, IPv6: 0, Min Delay: 69 ms, Max Speed: 81.55 M/s, Avg Speed: 81.55 M/s, Max Resolution: 1920x1080
Category: 全国卫视, Name: 黑龙江卫视, Total: 1, Valid: 1, Valid Percent: 100.00%, Whitelist: 0, IPv4: 1, IPv6: 0, Min Delay: 432 ms, Max Speed: 15.42 M/s, Avg Speed: 15.42 M/s, Max Resolution: 1920x1080
Category: 全国卫视, Name: 吉林卫视, Total: 1, Valid: 1, Valid Percent: 100.00%, Whitelist: 0, IPv4: 1, IPv6: 0, Min Delay: 80 ms, Max Speed: 66.56 M/s, Avg Speed: 66.56 M/s, Max Resolution: 1920x1080
Category: 全国卫视, Name: 江苏卫视, Total: 3, Valid: 3, Valid Percent: 100.00%, Whitelist: 0, IPv4: 3, IPv6: 0, Min Delay: 59 ms, Max Speed: 95.27 M/s, Avg Speed: 37.80 M/s, Max Resolution: 1920x1080
Category: 全国卫视, Name: 江西卫视, Total: 1, Valid: 1, Valid Percent: 100.00%, Whitelist: 0, IPv4: 1, IPv6: 0, Min Delay: 41 ms, Max Speed: 115.25 M/s, Avg Speed: 115.25 M/s, Max Resolution: 1920x1080
Category: 全国卫视, Name: 辽宁卫视, Total: 2, Valid: 2, Valid Percent: 100.00%, Whitelist: 0, IPv4: 2, IPv6: 0, Min Delay: 44 ms, Max Speed: 118.95 M/s, Avg Speed: 63.57 M/s, Max Resolution: 1920x1080
Category: 全国卫视, Name: 大湾区卫视, Total: 1, Valid: 1, Valid Percent: 100.00%, Whitelist: 0, IPv4: 1, IPv6: 0, Min Delay: 778 ms, Max Speed: 0.87 M/s, Avg Speed: 0.87 M/s, Max Resolution: 1920x1080
Category: 全国卫视, Name: 云南卫视, Total: 2, Valid: 2, Valid Percent: 100.00%, Whitelist: 0, IPv4: 2, IPv6: 0, Min Delay: 47 ms, Max Speed: 105.13 M/s, Avg Speed: 53.01 M/s, Max Resolution: 1920x1080
Category: 全国卫视, Name: 河南卫视, Total: 2, Valid: 2, Valid Percent: 100.00%, Whitelist: 0, IPv4: 2, IPv6: 0, Min Delay: 47 ms, Max Speed: 112.01 M/s, Avg Speed: 56.45 M/s, Max Resolution: 1920x1080
Category: 全国卫视, Name: 广西卫视, Total: 2, Valid: 2, Valid Percent: 100.00%, Whitelist: 0, IPv4: 2, IPv6: 0, Min Delay: 64 ms, Max Speed: 84.75 M/s, Avg Speed: 42.83 M/s, Max Resolution: 1920x1080
Category: 全国卫视, Name: 四川卫视, Total: 1, Valid: 1, Valid Percent: 100.00%, Whitelist: 0, IPv4: 1, IPv6: 0, Min Delay: 50 ms, Max Speed: 105.35 M/s, Avg Speed: 105.35 M/s, Max Resolution: 1920x1080
Category: 全国卫视, Name: 新疆卫视, Total: 1, Valid: 1, Valid Percent: 100.00%, Whitelist: 0, IPv4: 1, IPv6: 0, Min Delay: 65 ms, Max Speed: 79.81 M/s, Avg Speed: 79.81 M/s, Max Resolution: 1920x1080
Category: 全国卫视, Name: 西藏卫视, Total: 1, Valid: 1, Valid Percent: 100.00%, Whitelist: 0, IPv4: 1, IPv6: 0, Min Delay: 52 ms, Max Speed: 93.09 M/s, Avg Speed: 93.09 M/s, Max Resolution: 1920x1080
Category: 全国卫视, Name: 海南卫视, Total: 4, Valid: 4, Valid Percent: 100.00%, Whitelist: 0, IPv4: 4, IPv6: 0, Min Delay: 39 ms, Max Speed: 132.58 M/s, Avg Speed: 33.80 M/s, Max Resolution: 1920x1080
Category: 全国卫视, Name: 三沙卫视, Total: 1, Valid: 1, Valid Percent: 100.00%, Whitelist: 0, IPv4: 1, IPv6: 0, Min Delay: 44 ms, Max Speed: 118.18 M/s, Avg Speed: 118.18 M/s, Max Resolution: 1920x1080
Category: 全国卫视, Name: 内蒙古卫视, Total: 2, Valid: 2, Valid Percent: 100.00%, Whitelist: 0, IPv4: 2, IPv6: 0, Min Delay: 48 ms, Max Speed: 108.47 M/s, Avg Speed: 54.78 M/s, Max Resolution: 1920x1080
Category: 全国卫视, Name: 宁夏卫视, Total: 1, Valid: 1, Valid Percent: 100.00%, Whitelist: 0, IPv4: 1, IPv6: 0, Min Delay: 72 ms, Max Speed: 80.00 M/s, Avg Speed: 80.00 M/s, Max Resolution: 1920x1080
Category: 全国卫视, Name: 甘肃卫视, Total: 2, Valid: 2, Valid Percent: 100.00%, Whitelist: 0, IPv4: 2, IPv6: 0, Min Delay: 48 ms, Max Speed: 109.02 M/s, Avg Speed: 58.92 M/s, Max Resolution: 1920x1080
Category: 全国卫视, Name: 青海卫视, Total: 1, Valid: 1, Valid Percent: 100.00%, Whitelist: 0, IPv4: 1, IPv6: 0, Min Delay: 39 ms, Max Speed: 127.92 M/s, Avg Speed: 127.92 M/s, Max Resolution: 1920x1080
Category: 全国卫视, Name: 山西卫视, Total: 1, Valid: 1, Valid Percent: 100.00%, Whitelist: 0, IPv4: 1, IPv6: 0, Min Delay: 43 ms, Max Speed: 116.42 M/s, Avg Speed: 116.42 M/s, Max Resolution: 1920x1080
Category: 全国卫视, Name: 陕西卫视, Total: 1, Valid: 1, Valid Percent: 100.00%, Whitelist: 0, IPv4: 1, IPv6: 0, Min Delay: 49 ms, Max Speed: 103.85 M/s, Avg Speed: 103.85 M/s, Max Resolution: 1920x1080
Category: 全国卫视, Name: 海峡卫视, Total: 1, Valid: 1, Valid Percent: 100.00%, Whitelist: 0, IPv4: 1, IPv6: 0, Min Delay: 69 ms, Max Speed: 28.64 M/s, Avg Speed: 28.64 M/s, Max Resolution: 1920x1080
Category: 全国卫视, Name: 黑龙江新闻法治, Total: 1, Valid: 1, Valid Percent: 100.00%, Whitelist: 0, IPv4: 1, IPv6: 0, Min Delay: 10 ms, Max Speed: 3.12 M/s, Avg Speed: 3.12 M/s, Max Resolution: None
Category: 全国卫视, Name: 上海新闻综合, Total: 1, Valid: 1, Valid Percent: 100.00%, Whitelist: 0, IPv4: 1, IPv6: 0, Min Delay: 57 ms, Max Speed: 90.85 M/s, Avg Speed: 90.85 M/s, Max Resolution: 1920x1080
Category: 全国卫视, Name: 上海第一财经, Total: 2, Valid: 2, Valid Percent: 100.00%, Whitelist: 0, IPv4: 2, IPv6: 0, Min Delay: 7 ms, Max Speed: 16.32 M/s, Avg Speed: 13.82 M/s, Max Resolution: None
Category: 全国卫视, Name: 江苏国际, Total: 1, Valid: 1, Valid Percent: 100.00%, Whitelist: 0, IPv4: 1, IPv6: 0, Min Delay: 77 ms, Max Speed: 26.10 M/s, Avg Speed: 26.10 M/s, Max Resolution: 1920x1080
Category: 全国卫视, Name: 江苏教育, Total: 1, Valid: 1, Valid Percent: 100.00%, Whitelist: 0, IPv4: 1, IPv6: 0, Min Delay: 97 ms, Max Speed: 25.97 M/s, Avg Speed: 25.97 M/s, Max Resolution: 1920x1080
Category: 全国卫视, Name: 优漫卡通频道, Total: 1, Valid: 1, Valid Percent: 100.00%, Whitelist: 0, IPv4: 1, IPv6: 0, Min Delay: 46 ms, Max Speed: 116.27 M/s, Avg Speed: 116.27 M/s, Max Resolution: 1920x1080
Category: 儿童专享, Name: 卡酷少儿, Total: 1, Valid: 1, Valid Percent: 100.00%, Whitelist: 0, IPv4: 1, IPv6: 0, Min Delay: 41 ms, Max Speed: 112.94 M/s, Avg Speed: 112.94 M/s, Max Resolution: 1920x1080
Category: 儿童专享, Name: 哈哈炫动, Total: 1, Valid: 1, Valid Percent: 100.00%, Whitelist: 0, IPv4: 1, IPv6: 0, Min Delay: 48 ms, Max Speed: 108.35 M/s, Avg Speed: 108.35 M/s, Max Resolution: 1920x1080
Category: 儿童专享, Name: 金鹰卡通, Total: 1, Valid: 1, Valid Percent: 100.00%, Whitelist: 0, IPv4: 1, IPv6: 0, Min Delay: 46 ms, Max Speed: 112.40 M/s, Avg Speed: 112.40 M/s, Max Resolution: 1920x1080
Category: 儿童专享, Name: 动漫秀场, Total: 2, Valid: 2, Valid Percent: 100.00%, Whitelist: 0, IPv4: 2, IPv6: 0, Min Delay: 41 ms, Max Speed: 124.52 M/s, Avg Speed: 62.67 M/s, Max Resolution: 1920x1080
Category: 儿童专享, Name: 黑莓动画, Total: 1, Valid: 1, Valid Percent: 100.00%, Whitelist: 0, IPv4: 1, IPv6: 0, Min Delay: 41 ms, Max Speed: 121.79 M/s, Avg Speed: 121.79 M/s, Max Resolution: 1920x1080
Category: 儿童专享, Name: 新动漫, Total: 1, Valid: 1, Valid Percent: 100.00%, Whitelist: 0, IPv4: 1, IPv6: 0, Min Delay: 53 ms, Max Speed: 101.12 M/s, Avg Speed: 101.12 M/s, Max Resolution: 1920x1080
Category: 儿童专享, Name: 游戏风云, Total: 1, Valid: 1, Valid Percent: 100.00%, Whitelist: 0, IPv4: 1, IPv6: 0, Min Delay: 90 ms, Max Speed: 29.34 M/s, Avg Speed: 29.34 M/s, Max Resolution: 1920x1080
Category: 儿童专享, Name: 乐游, Total: 1, Valid: 1, Valid Percent: 100.00%, Whitelist: 0, IPv4: 1, IPv6: 0, Min Delay: 78 ms, Max Speed: 28.29 M/s, Avg Speed: 28.29 M/s, Max Resolution: 1920x1080
Category: 数字电视, Name: CHC家庭影院, Total: 1, Valid: 1, Valid Percent: 100.00%, Whitelist: 0, IPv4: 1, IPv6: 0, Min Delay: 51 ms, Max Speed: 106.46 M/s, Avg Speed: 106.46 M/s, Max Resolution: 1920x1080
Category: 数字电视, Name: 欢笑剧场, Total: 2, Valid: 2, Valid Percent: 100.00%, Whitelist: 0, IPv4: 2, IPv6: 0, Min Delay: 64 ms, Max Speed: 81.91 M/s, Avg Speed: 45.17 M/s, Max Resolution: 1920x1080
Category: 数字电视, Name: 欢笑剧场4K, Total: 1, Valid: 1, Valid Percent: 100.00%, Whitelist: 0, IPv4: 1, IPv6: 0, Min Delay: 37 ms, Max Speed: 116.62 M/s, Avg Speed: 116.62 M/s, Max Resolution: 1920x1080
Category: 数字电视, Name: 快乐垂钓, Total: 1, Valid: 1, Valid Percent: 100.00%, Whitelist: 0, IPv4: 1, IPv6: 0, Min Delay: 491 ms, Max Speed: 0.85 M/s, Avg Speed: 0.85 M/s, Max Resolution: 1920x1080
Category: 数字电视, Name: 黑莓电影, Total: 1, Valid: 1, Valid Percent: 100.00%, Whitelist: 0, IPv4: 1, IPv6: 0, Min Delay: 46 ms, Max Speed: 113.19 M/s, Avg Speed: 113.19 M/s, Max Resolution: 1920x1080
Category: 数字电视, Name: 广东珠江, Total: 5, Valid: 3, Valid Percent: 60.00%, Whitelist: 0, IPv4: 5, IPv6: 0, Min Delay: 431 ms, Max Speed: 7.62 M/s, Avg Speed: 5.24 M/s, Max Resolution: 1920x1080
Category: 数字电视, Name: 睛彩竞技, Total: 1, Valid: 1, Valid Percent: 100.00%, Whitelist: 0, IPv4: 1, IPv6: 0, Min Delay: 75 ms, Max Speed: 76.35 M/s, Avg Speed: 76.35 M/s, Max Resolution: 1920x1080
Category: 数字电视, Name: 睛彩篮球, Total: 3, Valid: 3, Valid Percent: 100.00%, Whitelist: 0, IPv4: 3, IPv6: 0, Min Delay: 67 ms, Max Speed: 66.92 M/s, Avg Speed: 22.86 M/s, Max Resolution: 1920x1080
Category: 数字电视, Name: 四海钓鱼, Total: 1, Valid: 1, Valid Percent: 100.00%, Whitelist: 0, IPv4: 1, IPv6: 0, Min Delay: 78 ms, Max Speed: 26.93 M/s, Avg Speed: 26.93 M/s, Max Resolution: 1920x1080
Category: 数字电视, Name: 都市剧场, Total: 4, Valid: 4, Valid Percent: 100.00%, Whitelist: 0, IPv4: 4, IPv6: 0, Min Delay: 11 ms, Max Speed: 10.53 M/s, Avg Speed: 10.13 M/s, Max Resolution: 1920x1080
Category: 数字电视, Name: 上视纪实人文, Total: 1, Valid: 1, Valid Percent: 100.00%, Whitelist: 0, IPv4: 1, IPv6: 0, Min Delay: 72 ms, Max Speed: 25.13 M/s, Avg Speed: 25.13 M/s, Max Resolution: 1920x1080
Category: 网络电视, Name: 爱体育, Total: 1, Valid: 1, Valid Percent: 100.00%, Whitelist: 0, IPv4: 1, IPv6: 0, Min Delay: 500 ms, Max Speed: 0.83 M/s, Avg Speed: 0.83 M/s, Max Resolution: 1920x1080
Category: 网络电视, Name: 动作电影, Total: 1, Valid: 1, Valid Percent: 100.00%, Whitelist: 0, IPv4: 1, IPv6: 0, Min Delay: 65 ms, Max Speed: 75.01 M/s, Avg Speed: 75.01 M/s, Max Resolution: 1920x1080
Category: 网络电视, Name: 惊悚悬疑, Total: 1, Valid: 1, Valid Percent: 100.00%, Whitelist: 0, IPv4: 1, IPv6: 0, Min Delay: 86 ms, Max Speed: 69.39 M/s, Avg Speed: 69.39 M/s, Max Resolution: 1920x1080
Category: 网络电视, Name: 精品体育, Total: 1, Valid: 1, Valid Percent: 100.00%, Whitelist: 0, IPv4: 1, IPv6: 0, Min Delay: 46 ms, Max Speed: 113.59 M/s, Avg Speed: 113.59 M/s, Max Resolution: 1920x1080
Category: 香港澳门, Name: 凤凰中文, Total: 2, Valid: 1, Valid Percent: 50.00%, Whitelist: 0, IPv4: 2, IPv6: 0, Min Delay: 46 ms, Max Speed: 110.58 M/s, Avg Speed: 110.58 M/s, Max Resolution: 1920x1080
Category: 香港澳门, Name: 凤凰资讯, Total: 2, Valid: 1, Valid Percent: 50.00%, Whitelist: 0, IPv4: 2, IPv6: 0, Min Delay: 45 ms, Max Speed: 112.33 M/s, Avg Speed: 112.33 M/s, Max Resolution: 1920x1080
Category: 香港澳门, Name: 凤凰香港, Total: 1, Valid: 0, Valid Percent: 0.00%, Whitelist: 0, IPv4: 1, IPv6: 0, Min Delay: -1 ms, Max Speed: 0.00 M/s, Avg Speed: 0.00 M/s, Max Resolution: 1920x1080
Category: 香港澳门, Name: 翡翠台, Total: 4, Valid: 1, Valid Percent: 25.00%, Whitelist: 0, IPv4: 4, IPv6: 0, Min Delay: 401 ms, Max Speed: 1.16 M/s, Avg Speed: 1.16 M/s, Max Resolution: 1920x1080
Category: 香港澳门, Name: 美亚电影台, Total: 1, Valid: 1, Valid Percent: 100.00%, Whitelist: 0, IPv4: 1, IPv6: 0, Min Delay: 2310 ms, Max Speed: 0.80 M/s, Avg Speed: 0.80 M/s, Max Resolution: 1920x1080
Category: 明星频道, Name: 周润发, Total: 1, Valid: 1, Valid Percent: 100.00%, Whitelist: 0, IPv4: 1, IPv6: 0, Min Delay: 348 ms, Max Speed: 3.99 M/s, Avg Speed: 3.99 M/s, Max Resolution: 1920x1080
Category: 电视剧, Name: 经典电影, Total: 1, Valid: 0, Valid Percent: 0.00%, Whitelist: 0, IPv4: 1, IPv6: 0, Min Delay: -1 ms, Max Speed: 0.00 M/s, Avg Speed: 0.00 M/s, Max Resolution: 1920x1080
Category: 电视剧, Name: 父母爱情, Total: 1, Valid: 1, Valid Percent: 100.00%, Whitelist: 0, IPv4: 1, IPv6: 0, Min Delay: 82 ms, Max Speed: 27.68 M/s, Avg Speed: 27.68 M/s, Max Resolution: 1920x1080
Category: 电视剧, Name: 西游记后传, Total: 1, Valid: 1, Valid Percent: 100.00%, Whitelist: 0, IPv4: 1, IPv6: 0, Min Delay: 76 ms, Max Speed: 29.15 M/s, Avg Speed: 29.15 M/s, Max Resolution: 1920x1080
Category: 电视剧, Name: 伪装者, Total: 1, Valid: 1, Valid Percent: 100.00%, Whitelist: 0, IPv4: 1, IPv6: 0, Min Delay: 76 ms, Max Speed: 28.82 M/s, Avg Speed: 28.82 M/s, Max Resolution: 1920x1080
Category: 电视剧, Name: 狂飙, Total: 1, Valid: 1, Valid Percent: 100.00%, Whitelist: 0, IPv4: 1, IPv6: 0, Min Delay: 88 ms, Max Speed: 26.63 M/s, Avg Speed: 26.63 M/s, Max Resolution: 1920x1080
Category: 电视剧, Name: 知否知否, Total: 1, Valid: 1, Valid Percent: 100.00%, Whitelist: 0, IPv4: 1, IPv6: 0, Min Delay: 88 ms, Max Speed: 23.51 M/s, Avg Speed: 23.51 M/s, Max Resolution: 1920x1080
Category: 电视剧, Name: 隋唐英雄传, Total: 1, Valid: 1, Valid Percent: 100.00%, Whitelist: 0, IPv4: 1, IPv6: 0, Min Delay: 95 ms, Max Speed: 25.45 M/s, Avg Speed: 25.45 M/s, Max Resolution: 1920x1080
Category: 斗鱼轮播, Name: 末日电影合集, Total: 1, Valid: 1, Valid Percent: 100.00%, Whitelist: 0, IPv4: 1, IPv6: 0, Min Delay: 70 ms, Max Speed: 29.94 M/s, Avg Speed: 29.94 M/s, Max Resolution: 1920x1080
Category: 电影频道, Name: 江苏影视, Total: 1, Valid: 1, Valid Percent: 100.00%, Whitelist: 0, IPv4: 1, IPv6: 0, Min Delay: 74 ms, Max Speed: 27.90 M/s, Avg Speed: 27.90 M/s, Max Resolution: 1920x1080
Category: 电影频道, Name: 湖南电影, Total: 1, Valid: 1, Valid Percent: 100.00%, Whitelist: 0, IPv4: 1, IPv6: 0, Min Delay: 3223 ms, Max Speed: 0.92 M/s, Avg Speed: 0.92 M/s, Max Resolution: 1920x1080
